"\x1b[32mRoom 183\x1b[m: a \x1b[31;1mdragon\x1b[m watches the northern gate.         \x1b[38;5;240m┌\x1b[38;5;230;48;5;62m chat \x1b[38;5;240;49m──────────────────┐\x1b[m"
"\x1b[32mRoom 184\x1b[m: a \x1b[31;1mdragon\x1b[m watches the northern gate.         \x1b[38;5;240m│\x1b[32mRoom 194\x1b[m: a \x1b[31;1mdragon\x1b[m      \x1b[38;5;240m│\x1b[m"
"\x1b[32mRoom 185\x1b[m: a \x1b[31;1mdragon\x1b[m watches the northern gate.         \x1b[38;5;240m│\x1b[mwatches the northern    \x1b[38;5;240m│\x1b[m"
"\x1b[32mRoom 186\x1b[m: a \x1b[31;1mdragon\x1b[m watches the northern gate.         \x1b[38;5;240m│\x1b[mgate.                   \x1b[38;5;240m│\x1b[m"
"\x1b[32mRoom 187\x1b[m: a \x1b[31;1mdragon\x1b[m watches the northern gate.         \x1b[38;5;240m│\x1b[32mRoom 195\x1b[m: a \x1b[31;1mdragon\x1b[m      \x1b[38;5;240m│\x1b[m"
"\x1b[32mRoom 188\x1b[m: a \x1b[31;1mdragon\x1b[m watches the northern gate.         \x1b[38;5;240m│\x1b[mwatches the northern    \x1b[38;5;240m│\x1b[m"
"\x1b[32mRoom 189\x1b[m: a \x1b[31;1mdragon\x1b[m watches the northern gate.         \x1b[38;5;240m│\x1b[mgate.                   \x1b[38;5;240m│\x1b[m"
"\x1b[32mRoom 190\x1b[m: a \x1b[31;1mdragon\x1b[m watches the northern gate.         \x1b[38;5;240m│\x1b[32mRoom 196\x1b[m: a \x1b[31;1mdragon\x1b[m      \x1b[38;5;240m│\x1b[m"
"\x1b[32mRoom 191\x1b[m: a \x1b[31;1mdragon\x1b[m watches the northern gate.         \x1b[38;5;240m│\x1b[mwatches the northern    \x1b[38;5;240m│\x1b[m"
"\x1b[32mRoom 192\x1b[m: a \x1b[31;1mdragon\x1b[m watches the northern gate.         \x1b[38;5;240m│\x1b[mgate.                   \x1b[38;5;240m│\x1b[m"
"\x1b[32mRoom 193\x1b[m: a \x1b[31;1mdragon\x1b[m watches the northern gate.         \x1b[38;5;240m│\x1b[32mRoom 197\x1b[m: a \x1b[31;1mdragon\x1b[m      \x1b[38;5;240m│\x1b[m"
"\x1b[32mRoom 194\x1b[m: a \x1b[31;1mdragon\x1b[m watches the northern gate.         \x1b[38;5;240m│\x1b[mwatches the northern    \x1b[38;5;240m│\x1b[m"
"\x1b[32mRoom 195\x1b[m: a \x1b[31;1mdragon\x1b[m watches the northern gate.         \x1b[38;5;240m│\x1b[mgate.                   \x1b[38;5;240m│\x1b[m"
"\x1b[32mRoom 196\x1b[m: a \x1b[31;1mdragon\x1b[m watches the northern gate.         \x1b[38;5;240m│\x1b[32mRoom 198\x1b[m: a \x1b[31;1mdragon\x1b[m      \x1b[38;5;240m│\x1b[m"
"\x1b[32mRoom 197\x1b[m: a \x1b[31;1mdragon\x1b[m watches the northern gate.         \x1b[38;5;240m│\x1b[mwatches the northern    \x1b[38;5;240m│\x1b[m"
"\x1b[32mRoom 198\x1b[m: a \x1b[31;1mdragon\x1b[m watches the northern gate.         \x1b[38;5;240m│\x1b[mgate.                   \x1b[38;5;240m│\x1b[m"
"\x1b[32mRoom 199\x1b[m: a \x1b[31;1mdragon\x1b[m watches the northern gate.         \x1b[38;5;240m│\x1b[32mRoom 199\x1b[m: a \x1b[31;1mdragon\x1b[m      \x1b[38;5;240m│\x1b[m"
"\x1b[35mUnicode:\x1b[m 界 é 👩\u200d💻 1️⃣     end                           \x1b[38;5;240m│\x1b[mwatches the northern    \x1b[38;5;240m│\x1b[m"
"HP:100 >                                              \x1b[38;5;240m│\x1b[mgate.                   \x1b[38;5;240m│\x1b[m"
"\x1b[38;5;240m─\x1b[38;5;220m VERBATIM · 3 lines \x1b[38;5;240m─────────────────────────────────┴───────── Alt+V command ┘\x1b[m"
"\x1b[38;5;240m1 │ \x1b[msay hello                                                                   "
"\x1b[38;5;240m2 │ \x1b[m        界 é 👩\u200d💻                                                             "
"\x1b[38;5;240m3 │ \x1b[mlook\x1b[30;48;5;255m \x1b[m                                                                       "
"\x1b[38;5;240m─ Enter send · Ctrl+J newline · Esc×2 discard · Ctrl+E editor ──────────────────\x1b[m"
